// Código gerado automaticamente a partir do IR

function _entry() {
  let t1 = 3;
  let t2 = 4;
  let a = t1 < t2;
  let t5 = 3;
  let t6 = 4;
  let b = t5 <= t6;
  let t9 = 5;
  let t10 = 2;
  let c = t9 > t10;
  let t13 = 5;
  let t14 = 2;
  let d = t13 >= t14;
  let t17 = 10;
  let t18 = 10;
  let e = t17 === t18;
  let t21 = 10;
  let t22 = 20;
  let f = t21 !== t22;
}

_entry();
