// Código gerado automaticamente a partir do IR

function _entry() {
  let t1 = 3;
  let t2 = 4;
  let t3 = t1 < t2;
  let a = t3;
  let t6 = 3;
  let t7 = 4;
  let t8 = t6 <= t7;
  let b = t8;
  let t11 = 5;
  let t12 = 2;
  let t13 = t11 > t12;
  let c = t13;
  let t16 = 5;
  let t17 = 2;
  let t18 = t16 >= t17;
  let d = t18;
  let t21 = 10;
  let t22 = 10;
  let t23 = t21 === t22;
  let e = t23;
  let t26 = 10;
  let t27 = 20;
  let t28 = t26 !== t27;
  let f = t28;
}

_entry();
